// Jest Snapshot v1, https://goo.gl/fbAQLP

exports[`ProductImage Tests should shows the component with a custom image 1`] = `
<img
  alt="Product image"
  className=" productImg undefined"
  src="https://hola.com"
/>
`;
